|BT| (ROOT (root (captured:0.21960203037838863)(nsubj (lord:0.20791799902906904)(nn (drug:0.1996280468582224)))(dobj (mexico:0.17965406333805628)(amod (marines:0.19319786039626374))))) |BT| (ROOT (root (lord:0.132161669522268)(nsubj (drug:0.12689221750620822)(amod (suspected:0.10530287794890088)))(ccomp (held:0.12280491298173014)(nsubj (taliban:0.11946534202122099)(amod (known:0.1395885450072552))(nn (el:0.1395885450072552)))(dobj (mexico:0.11419589000516124))))) |ET|
|BT| (ROOT (root (dismisses:0.12538694217427088)(nsubj (sc:0.13059388463467397))(ccomp (review:0.13059388463467397)(nsubj (govts:0.12538694217427088))(dobj (case:0.10146363493849152)(nn (plea:0.13793265784924122))(nn (vodafone:0.13059388463467397))(nn (tax:0.1180481689597036)))))) |BT| (ROOT (root (dismisses:0.12294229742702888)(nsubj (sc:0.12804772114621152))(ccomp (review:0.12804772114621152)(nsubj (govts:0.12294229742702888))(dobj (verdict:0.1189822231340673)(nn (petition:0.1352434117312873))(nn (vodafone:0.12804772114621152))(nn (tax:0.1157466068419531)))))) |ET|
|BT| (ROOT (root (hits:0.14794269525711468)(nn (explosion:0.17899673032182925))(dep (syrias:0.16644847857313427)(nn (oil:0.1604909470058097))(nn (pipeline:0.19263485591883067)))(dep (homs:0.1534862929232814)))) |BT| (ROOT (root (hits:0.14274637659801523)(nn (explosion:0.17270967405269327))(dep (attacks:0.1383194352912241)(nn (pipeline:0.18586877602239313))(nn (assad:0.16404199517035942)))(dep (cities:0.196313742865315)))) |ET|
|BT| (ROOT (root (killed:0.1578736079316859)(nsubj (soldier:0.22761640307541958)(nn (nato:0.20994585752670347)))(dobj (attack:0.20615382099974888)(nn (afghan:0.1984103104664422))))) |BT| (ROOT (root (killed:0.2000800458324152)(nsubj (soldier:0.2884681040497021)(nn (nato:0.26607345804401406)))(dobj (afghanistan:0.24537839207386875)))) |ET|
|BT| (ROOT (root (celebrates:0.1973923691494047)(nsubj (castro:0.20558948035142352))(dobj (birthday:0.20558948035142352)(amod (86th:0.20558948035142352)))(tmod (monday:0.18583918979632472)))) |BT| (ROOT (root (celebrates:0.1914008581460309)(nsubj (castro:0.19934915992256674)(amod (fidel:0.210551662086269)))(dobj (birthday:0.19934915992256674)(amod (86th:0.19934915992256674))))) |ET|